2026-08-31T21:33:07 conductor armed; waiting until 2026-09-01 00:10 local
2026-08-31T22:33:29 conductor armed; waiting until 2026-09-01 00:10 local
2026-08-31T22:34:22 conductor armed; waiting until 2026-09-01 00:10 local
2026-09-01T00:10:01 probe ministral-8b-2512: HTTP 402 (cap not reset / error)
2026-09-01T00:10:01 cap not reset; sleeping 1200s
2026-09-01T00:30:02 probe ministral-8b-2512: HTTP 402 (cap not reset / error)
2026-09-01T00:30:02 cap not reset; sleeping 1200s
2026-09-01T01:06:46 conductor armed; waiting until 2026-09-01 03:35 local
2026-09-01T03:35:02 probe ministral-8b-2512: HTTP 402 (cap not reset / error)
2026-09-01T03:35:02 cap not reset; sleeping 1200s
2026-09-01T03:55:02 probe ministral-8b-2512: HTTP 402 (cap not reset / error)
2026-09-01T03:55:02 cap not reset; sleeping 1200s
2026-09-01T04:15:03 probe ministral-8b-2512: HTTP 402 (cap not reset / error)
2026-09-01T04:15:03 cap not reset; sleeping 1200s
2026-09-01T04:35:03 probe ministral-8b-2512: HTTP 402 (cap not reset / error)
2026-09-01T04:35:03 cap not reset; sleeping 1200s
2026-09-01T04:55:03 probe ministral-8b-2512: HTTP 402 (cap not reset / error)
2026-09-01T04:55:03 cap not reset; sleeping 1200s
2026-09-01T05:04:56 conductor armed; waiting until 2026-09-02 00:00 local
2026-09-01T05:15:04 probe ministral-8b-2512: HTTP 402 (cap not reset / error)
2026-09-01T05:15:04 cap not reset; sleeping 1200s
2026-09-01T05:35:04 probe ministral-8b-2512: HTTP 402 (cap not reset / error)
2026-09-01T05:35:04 cap not reset; sleeping 1200s
2026-09-01T05:55:04 probe ministral-8b-2512: HTTP 402 (cap not reset / error)
2026-09-01T05:55:04 cap not reset; sleeping 1200s
2026-09-01T06:15:04 probe ministral-8b-2512: HTTP 200
2026-09-01T06:15:04 cap reset confirmed; launching run_arms resume
2026-09-01T06:20:49 run_arms exited 4
